****************************************
Report : Averaged Power
Design : fft8
Version: M-2017.06-SP1
Date   : Wed Dec  6 17:35:19 2017
****************************************



  Attributes
  ----------
      i  -  Including register clock pin internal power
      u  -  User defined power group

                        Internal  Switching  Leakage    Total
Power Group             Power     Power      Power      Power   (     %)  Attrs
--------------------------------------------------------------------------------
clock_network              0.0390    0.0000    0.0000    0.0390 (48.31%)  i
register                   0.0154 4.145e-03 8.498e-04    0.0204 (25.24%)  
combinational           9.973e-03    0.0106 7.687e-04    0.0213 (26.45%)  
sequential                 0.0000    0.0000    0.0000    0.0000 ( 0.00%)  
memory                     0.0000    0.0000    0.0000    0.0000 ( 0.00%)  
io_pad                     0.0000    0.0000    0.0000    0.0000 ( 0.00%)  
black_box                  0.0000    0.0000    0.0000    0.0000 ( 0.00%)  

  Net Switching Power  =    0.0147   (18.28%)
  Cell Internal Power  =    0.0643   (79.72%)
  Cell Leakage Power   = 1.618e-03   ( 2.01%)
                         ---------
Total Power            =    0.0807  (100.00%)

1
