

==================================================================================
=== CALIBRE::DRC-H SUMMARY REPORT
===
Execution Date/Time:       Mon Dec  4 02:10:45 2017
Calibre Version:           v2017.2_28.22    Tue Jun 6 14:38:29 PDT 2017
Rule File Pathname:        /home/zpfravel/Desktop/fft8_nangate/DRC/_calibreDRC.rul_
Rule File Title:           
Layout System:             GDS
Layout Path(s):            /home/zpfravel/Desktop/fft8_nangate/fft8.gds
Layout Primary Cell:       fft8
Current Directory:         /home/zpfravel/Desktop/fft8_nangate/DRC
User Name:                 zpfravel
Maximum Results/RuleCheck: 1000
Maximum Result Vertices:   4096
DRC Results Database:      fft8.drc.results (ASCII)
Layout Depth:              ALL
Text Depth:                PRIMARY
Summary Report File:       fft8.drc.summary (REPLACE)
Geometry Flagging:         ACUTE = NO  SKEW = NO  ANGLED = NO  OFFGRID = NO
                           NONSIMPLE POLYGON = NO  NONSIMPLE PATH = NO
Excluded Cells:           
CheckText Mapping:         COMMENT TEXT + RULE FILE INFORMATION
Layers:                    MEMORY-BASED
Keep Empty Checks:         YES
----------------------------------------------------------------------------------
--- RUNTIME WARNINGS
---
----------------------------------------------------------------------------------
--- ORIGINAL LAYER STATISTICS
---
LAYER pwell ...... TOTAL Original Geometry Count = 51     (109414)
LAYER nwell ...... TOTAL Original Geometry Count = 51     (109414)
LAYER active ..... TOTAL Original Geometry Count = 106    (119788)
LAYER poly ....... TOTAL Original Geometry Count = 193    (205964)
LAYER pimplant ... TOTAL Original Geometry Count = 51     (109414)
LAYER nimplant ... TOTAL Original Geometry Count = 51     (109414)
LAYER vth ........ TOTAL Original Geometry Count = 0      (0)
LAYER vtg ........ TOTAL Original Geometry Count = 0      (0)
LAYER metal1 ..... TOTAL Original Geometry Count = 59512  (1038089)
LAYER metal2 ..... TOTAL Original Geometry Count = 293967 (589161)
LAYER metal3 ..... TOTAL Original Geometry Count = 208895 (385327)
LAYER metal4 ..... TOTAL Original Geometry Count = 89100  (202065)
LAYER metal5 ..... TOTAL Original Geometry Count = 105434 (276180)
LAYER metal6 ..... TOTAL Original Geometry Count = 117438 (275565)
LAYER metal7 ..... TOTAL Original Geometry Count = 16747  (102636)
LAYER metal8 ..... TOTAL Original Geometry Count = 16750  (50419)
LAYER metal9 ..... TOTAL Original Geometry Count = 4273   (15646)
LAYER metal10 .... TOTAL Original Geometry Count = 4275   (9333)
LAYER contact .... TOTAL Original Geometry Count = 956    (922427)
LAYER via1 ....... TOTAL Original Geometry Count = 57     (164031)
LAYER via2 ....... TOTAL Original Geometry Count = 8      (134629)
LAYER via3 ....... TOTAL Original Geometry Count = 3      (41814)
LAYER via4 ....... TOTAL Original Geometry Count = 2      (71156)
LAYER via5 ....... TOTAL Original Geometry Count = 2      (99594)
LAYER via6 ....... TOTAL Original Geometry Count = 1      (58536)
LAYER via7 ....... TOTAL Original Geometry Count = 1      (27355)
LAYER via8 ....... TOTAL Original Geometry Count = 1      (6316)
LAYER via9 ....... TOTAL Original Geometry Count = 1      (5059)
----------------------------------------------------------------------------------
--- RULECHECK RESULTS STATISTICS
---
RULECHECK Well.1 ...... TOTAL Result Count = 0 (0)
RULECHECK Well.2 ...... TOTAL Result Count = 0 (0)
RULECHECK Well.4 ...... TOTAL Result Count = 0 (0)
RULECHECK Poly.1 ...... TOTAL Result Count = 0 (0)
RULECHECK Poly.2 ...... TOTAL Result Count = 0 (0)
RULECHECK Poly.3 ...... TOTAL Result Count = 0 (0)
RULECHECK Poly.4 ...... TOTAL Result Count = 0 (0)
RULECHECK Poly.5 ...... TOTAL Result Count = 0 (0)
RULECHECK Poly.6 ...... TOTAL Result Count = 0 (0)
RULECHECK Active.1 .... TOTAL Result Count = 0 (0)
RULECHECK Active.2 .... TOTAL Result Count = 0 (0)
RULECHECK Active.3 .... TOTAL Result Count = 0 (0)
RULECHECK Active.4 .... TOTAL Result Count = 0 (0)
RULECHECK Implant.1 ... TOTAL Result Count = 0 (0)
RULECHECK Implant.2 ... TOTAL Result Count = 0 (0)
RULECHECK Implant.3 ... TOTAL Result Count = 0 (0)
RULECHECK Implant.4 ... TOTAL Result Count = 0 (0)
RULECHECK Implant.6 ... TOTAL Result Count = 0 (0)
RULECHECK Contact.1 ... TOTAL Result Count = 0 (0)
RULECHECK Contact.2 ... TOTAL Result Count = 0 (0)
RULECHECK Contact.3 ... TOTAL Result Count = 0 (0)
RULECHECK Contact.4 ... TOTAL Result Count = 0 (0)
RULECHECK Contact.5 ... TOTAL Result Count = 0 (0)
RULECHECK Contact.6 ... TOTAL Result Count = 0 (0)
RULECHECK Metal1.1 .... TOTAL Result Count = 0 (0)
RULECHECK Metal1.2 .... TOTAL Result Count = 0 (0)
RULECHECK Metal1.3 .... TOTAL Result Count = 0 (0)
RULECHECK Metal1.4 .... TOTAL Result Count = 0 (0)
RULECHECK Via1.1 ...... TOTAL Result Count = 0 (0)
RULECHECK Via1.2 ...... TOTAL Result Count = 0 (0)
RULECHECK Via1.3 ...... TOTAL Result Count = 0 (0)
RULECHECK Via1.4 ...... TOTAL Result Count = 0 (0)
RULECHECK Metal2.1 .... TOTAL Result Count = 0 (0)
RULECHECK Metal2.2 .... TOTAL Result Count = 0 (0)
RULECHECK Metal2.3 .... TOTAL Result Count = 0 (0)
RULECHECK Metal2.4 .... TOTAL Result Count = 0 (0)
RULECHECK Via2.1 ...... TOTAL Result Count = 0 (0)
RULECHECK Via2.2 ...... TOTAL Result Count = 0 (0)
RULECHECK Via2.3 ...... TOTAL Result Count = 0 (0)
RULECHECK Via2.4 ...... TOTAL Result Count = 0 (0)
RULECHECK Metal3.1 .... TOTAL Result Count = 0 (0)
RULECHECK Metal3.2 .... TOTAL Result Count = 0 (0)
RULECHECK Metal3.3 .... TOTAL Result Count = 0 (0)
RULECHECK Metal3.4 .... TOTAL Result Count = 0 (0)
RULECHECK Via3.1 ...... TOTAL Result Count = 0 (0)
RULECHECK Via3.2 ...... TOTAL Result Count = 0 (0)
RULECHECK Via3.3 ...... TOTAL Result Count = 0 (0)
RULECHECK Via3.4 ...... TOTAL Result Count = 0 (0)
RULECHECK Metal4.1 .... TOTAL Result Count = 0 (0)
RULECHECK Metal4.2 .... TOTAL Result Count = 0 (0)
RULECHECK Metal4.3 .... TOTAL Result Count = 0 (0)
RULECHECK Via4.1 ...... TOTAL Result Count = 0 (0)
RULECHECK Via4.2 ...... TOTAL Result Count = 0 (0)
RULECHECK Via4.3 ...... TOTAL Result Count = 0 (0)
RULECHECK Via4.4 ...... TOTAL Result Count = 0 (0)
RULECHECK Metal5.1 .... TOTAL Result Count = 0 (0)
RULECHECK Metal5.2 .... TOTAL Result Count = 0 (0)
RULECHECK Metal5.3 .... TOTAL Result Count = 0 (0)
RULECHECK Via5.1 ...... TOTAL Result Count = 0 (0)
RULECHECK Via5.2 ...... TOTAL Result Count = 0 (0)
RULECHECK Via5.3 ...... TOTAL Result Count = 0 (0)
RULECHECK Via5.4 ...... TOTAL Result Count = 0 (0)
RULECHECK Metal6.1 .... TOTAL Result Count = 0 (0)
RULECHECK Metal6.2 .... TOTAL Result Count = 0 (0)
RULECHECK Metal6.3 .... TOTAL Result Count = 0 (0)
RULECHECK Via6.1 ...... TOTAL Result Count = 0 (0)
RULECHECK Via6.2 ...... TOTAL Result Count = 0 (0)
RULECHECK Via6.3 ...... TOTAL Result Count = 0 (0)
RULECHECK Via6.4 ...... TOTAL Result Count = 0 (0)
RULECHECK Metal7.1 .... TOTAL Result Count = 0 (0)
RULECHECK Metal7.2 .... TOTAL Result Count = 0 (0)
RULECHECK Metal7.3 .... TOTAL Result Count = 0 (0)
RULECHECK Via7.1 ...... TOTAL Result Count = 0 (0)
RULECHECK Via7.2 ...... TOTAL Result Count = 0 (0)
RULECHECK Via7.3 ...... TOTAL Result Count = 0 (0)
RULECHECK Via7.4 ...... TOTAL Result Count = 0 (0)
RULECHECK Metal8.1 .... TOTAL Result Count = 0 (0)
RULECHECK Metal8.2 .... TOTAL Result Count = 0 (0)
RULECHECK Metal8.3 .... TOTAL Result Count = 0 (0)
RULECHECK Via8.1 ...... TOTAL Result Count = 0 (0)
RULECHECK Via8.2 ...... TOTAL Result Count = 0 (0)
RULECHECK Via8.3 ...... TOTAL Result Count = 0 (0)
RULECHECK Via8.4 ...... TOTAL Result Count = 0 (0)
RULECHECK Metal9.1 .... TOTAL Result Count = 0 (0)
RULECHECK Metal9.2 .... TOTAL Result Count = 0 (0)
RULECHECK Metal9.3 .... TOTAL Result Count = 0 (0)
RULECHECK Via9.1 ...... TOTAL Result Count = 0 (0)
RULECHECK Via9.2 ...... TOTAL Result Count = 0 (0)
RULECHECK Via9.3 ...... TOTAL Result Count = 0 (0)
RULECHECK Via9.4 ...... TOTAL Result Count = 0 (0)
RULECHECK Metal10.1 ... TOTAL Result Count = 0 (0)
RULECHECK Metal10.2 ... TOTAL Result Count = 0 (0)
RULECHECK Metal10.3 ... TOTAL Result Count = 0 (0)
RULECHECK Metal1.5 .... TOTAL Result Count = 0 (0)
RULECHECK Metal1.6 .... TOTAL Result Count = 0 (0)
RULECHECK Metal1.7 .... TOTAL Result Count = 0 (0)
RULECHECK Metal1.8 .... TOTAL Result Count = 0 (0)
RULECHECK Metal1.9 .... TOTAL Result Count = 0 (0)
RULECHECK Metal2.5 .... TOTAL Result Count = 0 (0)
RULECHECK Metal2.6 .... TOTAL Result Count = 0 (0)
RULECHECK Metal2.7 .... TOTAL Result Count = 0 (0)
RULECHECK Metal2.8 .... TOTAL Result Count = 0 (0)
RULECHECK Metal2.9 .... TOTAL Result Count = 0 (0)
RULECHECK Metal3.5 .... TOTAL Result Count = 0 (0)
RULECHECK Metal3.6 .... TOTAL Result Count = 0 (0)
RULECHECK Metal3.7 .... TOTAL Result Count = 0 (0)
RULECHECK Metal3.8 .... TOTAL Result Count = 0 (0)
RULECHECK Metal3.9 .... TOTAL Result Count = 0 (0)
RULECHECK Metal4.5 .... TOTAL Result Count = 0 (0)
RULECHECK Metal4.6 .... TOTAL Result Count = 0 (0)
RULECHECK Metal4.7 .... TOTAL Result Count = 0 (0)
RULECHECK Metal4.8 .... TOTAL Result Count = 0 (0)
RULECHECK Metal5.5 .... TOTAL Result Count = 0 (0)
RULECHECK Metal5.6 .... TOTAL Result Count = 0 (0)
RULECHECK Metal5.7 .... TOTAL Result Count = 0 (0)
RULECHECK Metal5.8 .... TOTAL Result Count = 0 (0)
RULECHECK Metal6.5 .... TOTAL Result Count = 0 (0)
RULECHECK Metal6.6 .... TOTAL Result Count = 0 (0)
RULECHECK Metal6.7 .... TOTAL Result Count = 0 (0)
RULECHECK Metal6.8 .... TOTAL Result Count = 0 (0)
RULECHECK Metal7.5 .... TOTAL Result Count = 0 (0)
RULECHECK Metal7.6 .... TOTAL Result Count = 0 (0)
RULECHECK Metal7.7 .... TOTAL Result Count = 0 (0)
RULECHECK Metal8.5 .... TOTAL Result Count = 0 (0)
RULECHECK Metal8.6 .... TOTAL Result Count = 0 (0)
RULECHECK Metal8.7 .... TOTAL Result Count = 0 (0)
RULECHECK Metal9.5 .... TOTAL Result Count = 0 (0)
RULECHECK Metal9.6 .... TOTAL Result Count = 0 (0)
RULECHECK Metal10.5 ... TOTAL Result Count = 0 (0)
RULECHECK Metal10.6 ... TOTAL Result Count = 0 (0)
RULECHECK Grid.1 ...... TOTAL Result Count = 0 (0)
RULECHECK Grid.2 ...... TOTAL Result Count = 0 (0)
RULECHECK Grid.3 ...... TOTAL Result Count = 0 (0)
RULECHECK Grid.4 ...... TOTAL Result Count = 0 (0)
RULECHECK Grid.5 ...... TOTAL Result Count = 0 (0)
RULECHECK Grid.6 ...... TOTAL Result Count = 0 (0)
RULECHECK Grid.7 ...... TOTAL Result Count = 0 (0)
RULECHECK Grid.8 ...... TOTAL Result Count = 0 (0)
RULECHECK Grid.9 ...... TOTAL Result Count = 0 (0)
RULECHECK Grid.10 ..... TOTAL Result Count = 0 (0)
RULECHECK Grid.11 ..... TOTAL Result Count = 0 (0)
RULECHECK Grid.12 ..... TOTAL Result Count = 0 (0)
RULECHECK Grid.13 ..... TOTAL Result Count = 0 (0)
RULECHECK Grid.14 ..... TOTAL Result Count = 0 (0)
RULECHECK Grid.15 ..... TOTAL Result Count = 0 (0)
RULECHECK Grid.16 ..... TOTAL Result Count = 0 (0)
RULECHECK Grid.17 ..... TOTAL Result Count = 0 (0)
RULECHECK Grid.18 ..... TOTAL Result Count = 0 (0)
RULECHECK Grid.19 ..... TOTAL Result Count = 0 (0)
RULECHECK Grid.20 ..... TOTAL Result Count = 0 (0)
RULECHECK Grid.21 ..... TOTAL Result Count = 0 (0)
RULECHECK Grid.22 ..... TOTAL Result Count = 0 (0)
RULECHECK Grid.23 ..... TOTAL Result Count = 0 (0)
RULECHECK Grid.24 ..... TOTAL Result Count = 0 (0)
RULECHECK Grid.25 ..... TOTAL Result Count = 0 (0)
RULECHECK Grid.26 ..... TOTAL Result Count = 0 (0)
----------------------------------------------------------------------------------
--- RULECHECK RESULTS STATISTICS (BY CELL)
---
----------------------------------------------------------------------------------
--- SUMMARY
---
TOTAL CPU Time:                  58
TOTAL REAL Time:                 59
TOTAL Original Layer Geometries: 917926 (5238746)
TOTAL DRC RuleChecks Executed:   156
TOTAL DRC Results Generated:     0 (0)
