****************************************
Report : timing
	-path_type full
	-delay_type max
	-max_paths 1
	-group g_inClk
	-transition_time
	-capacitance
	-sort_by slack
Design : myPMul32_4
Version: M-2017.06-SP1
Date   : Sat Nov 18 17:41:34 2017
****************************************


  Startpoint: reg_mid_0_reg[1]
               (rising edge-triggered flip-flop clocked by g_inClk)
  Endpoint: reg_out_reg[122]
               (rising edge-triggered flip-flop clocked by g_inClk)
  Path Group: g_inClk
  Path Type: max

  Point                                 Cap      Trans       Incr       Path
  -----------------------------------------------------------------------------
  clock g_inClk (rise edge)                       0.00       0.00       0.00
  clock network delay (ideal)                                0.00       0.00
  reg_mid_0_reg[1]/CK (DFF_X1)                    0.00       0.00       0.00 r
  reg_mid_0_reg[1]/QN (DFF_X1)         5.24       0.02       0.07 &     0.07 f
  U8127/ZN (INV_X1)                    7.51       0.02       0.03 &     0.10 r
  U15976/ZN (INV_X4)                  45.71       0.02       0.02 &     0.12 f
  FE_OFC389_n3512/ZN (INV_X4)         37.24       0.03       0.04 &     0.16 r
  U16084/ZN (NAND2_X1)                 3.29       0.01       0.02 &     0.18 f
  FE_RC_6637_0/ZN (INV_X1)             3.55       0.01       0.02 &     0.20 r
  FE_RC_6635_0/ZN (NAND3_X1)           1.76       0.01       0.02 &     0.22 f
  FE_RC_6636_0/ZN (INV_X1)             6.86       0.02       0.03 &     0.25 r
  FE_RC_6521_0/ZN (INV_X1)             1.51       0.01       0.01 &     0.25 f
  FE_RC_6519_0/ZN (NAND2_X1)           3.54       0.01       0.02 &     0.27 r
  FE_RC_6529_0/ZN (NAND2_X1)           1.75       0.01       0.01 &     0.29 f
  FE_RC_6528_0/ZN (NAND2_X1)           7.22       0.02       0.03 &     0.32 r
  FE_RC_6239_0/ZN (INV_X1)             3.34       0.01       0.01 &     0.33 f
  FE_RC_6237_0/ZN (NAND2_X1)           1.88       0.01       0.02 &     0.35 r
  FE_RC_6248_0/ZN (INV_X1)             3.47       0.01       0.01 &     0.36 f
  FE_RC_6232_0/ZN (OAI21_X1)           1.92       0.02       0.03 &     0.39 r
  FE_RC_6231_0/ZN (NAND2_X1)           3.08       0.01       0.02 &     0.41 f
  mult_22/S2_4_42/CO (FA_X1)           6.71       0.02       0.08 &     0.49 f
  FE_RC_5953_0/ZN (INV_X1)             3.54       0.01       0.02 &     0.51 r
  FE_RC_5951_0/ZN (NAND2_X1)           1.97       0.01       0.01 &     0.53 f
  FE_RC_5962_0/ZN (INV_X1)             3.73       0.01       0.02 &     0.54 r
  FE_RC_5960_0/ZN (OAI21_X1)           5.86       0.02       0.02 &     0.57 f
  FE_RC_19815_0/ZN (OR2_X1)            3.48       0.01       0.06 &     0.62 f
  FE_RC_19823_0/ZN (NAND2_X1)          1.75       0.01       0.02 &     0.64 r
  FE_RC_19822_0/ZN (NAND2_X1)          7.46       0.02       0.03 &     0.66 f
  FE_RC_5136_0/ZN (INV_X1)             3.78       0.01       0.02 &     0.69 r
  FE_RC_5134_0/ZN (NAND2_X1)           1.88       0.01       0.01 &     0.70 f
  FE_RC_5145_0/ZN (INV_X1)             3.53       0.01       0.02 &     0.72 r
  FE_RC_5143_0/ZN (OAI21_X1)           3.69       0.01       0.02 &     0.74 f
  mult_22/S2_8_42/S (FA_X1)            3.87       0.02       0.13 &     0.86 r
  mult_22/S2_9_41/S (FA_X1)            3.64       0.02       0.10 &     0.96 f
  mult_22/S2_10_40/S (FA_X1)           3.19       0.01       0.12 &     1.07 r
  mult_22/S2_11_39/S (FA_X1)           3.03       0.02       0.09 &     1.17 f
  mult_22/S2_12_38/S (FA_X1)           5.03       0.02       0.12 &     1.29 r
  FE_RC_8495_0/ZN (NAND2_X1)           3.10       0.01       0.02 &     1.31 f
  FE_RC_8494_0/ZN (NAND2_X2)           6.03       0.01       0.02 &     1.33 r
  FE_RC_7420_0/ZN (INV_X1)             5.10       0.01       0.01 &     1.34 f
  FE_RC_7414_0/ZN (NAND2_X1)           3.78       0.01       0.02 &     1.36 r
  FE_RC_7413_0/ZN (INV_X1)             1.59       0.01       0.01 &     1.37 f
  FE_RC_7409_0/ZN (OAI21_X1)           1.82       0.02       0.03 &     1.39 r
  FE_RC_7408_0/ZN (NAND2_X1)           4.32       0.01       0.02 &     1.42 f
  mult_22/S2_15_36/S (FA_X1)           3.37       0.01       0.12 &     1.53 r
  mult_22/S2_16_35/S (FA_X1)           3.28       0.02       0.09 &     1.63 f
  mult_22/S2_17_34/CO (FA_X1)          8.14       0.02       0.08 &     1.71 f
  FE_RC_14252_0/ZN (INV_X2)            5.42       0.01       0.02 &     1.73 r
  FE_RC_14244_0/ZN (NAND2_X2)          5.06       0.01       0.02 &     1.75 f
  FE_RC_14243_0/ZN (NAND2_X2)          6.06       0.01       0.02 &     1.77 r
  FE_RC_14242_0/ZN (NAND2_X4)          6.59       0.01       0.01 &     1.78 f
  FE_RC_13233_0/ZN (INV_X2)            6.87       0.01       0.02 &     1.80 r
  FE_RC_13227_0/ZN (NAND2_X2)          1.69       0.01       0.01 &     1.81 f
  FE_RC_13237_0/ZN (INV_X1)            5.00       0.01       0.02 &     1.83 r
  FE_RC_13222_0/ZN (OAI21_X1)          2.04       0.01       0.02 &     1.85 f
  FE_RC_13221_0/ZN (NAND2_X1)          7.28       0.02       0.03 &     1.87 r
  FE_RC_14360_0/ZN (INV_X1)            1.65       0.01       0.01 &     1.88 f
  FE_RC_14358_0/ZN (NAND2_X1)          3.85       0.01       0.02 &     1.90 r
  FE_RC_14368_0/ZN (NAND2_X1)          1.72       0.01       0.01 &     1.92 f
  FE_RC_14367_0/ZN (NAND2_X1)          4.20       0.02       0.02 &     1.94 r
  mult_22/S2_21_33/S (FA_X1)           4.62       0.02       0.10 &     2.04 f
  mult_22/S2_22_32/S (FA_X1)           4.42       0.02       0.12 &     2.16 r
  FE_RC_1972_0/ZN (INV_X1)             5.09       0.01       0.02 &     2.17 f
  FE_RC_3969_0/ZN (OAI21_X2)           5.82       0.02       0.03 &     2.21 r
  FE_RC_1716_0/ZN (INV_X1)             4.98       0.01       0.02 &     2.22 f
  FE_RC_1714_0/ZN (OAI22_X1)           1.83       0.03       0.04 &     2.27 r
  FE_RC_1713_0/ZN (NAND2_X1)           2.06       0.01       0.02 &     2.28 f
  FE_RC_1704_0/ZN (NAND2_X1)           7.61       0.02       0.03 &     2.32 r
  FE_RC_4928_0/ZN (INV_X1)             5.28       0.01       0.02 &     2.33 f
  FE_RC_4925_0/ZN (OAI21_X2)           5.42       0.02       0.04 &     2.37 r
  FE_RC_2887_0/ZN (INV_X1)             4.74       0.01       0.02 &     2.39 f
  FE_RC_2881_0/ZN (NAND2_X1)           1.89       0.01       0.02 &     2.40 r
  FE_RC_2891_0/ZN (INV_X1)             8.60       0.01       0.02 &     2.42 f
  FE_RC_2876_0/ZN (OAI21_X1)           3.32       0.03       0.04 &     2.46 r
  FE_RC_2875_0/ZN (NAND2_X2)          10.46       0.02       0.03 &     2.49 f
  FE_RC_12576_0/ZN (NAND2_X1)          1.98       0.01       0.02 &     2.51 r
  FE_RC_12575_0/ZN (OAI21_X1)          1.58       0.01       0.02 &     2.53 f
  FE_RC_12566_0/ZN (OAI211_X1)         5.43       0.04       0.05 &     2.58 r
  FE_RC_8871_0/ZN (NAND2_X1)           3.35       0.01       0.02 &     2.60 f
  FE_RC_8870_0/ZN (NAND2_X2)           5.50       0.01       0.02 &     2.62 r
  FE_RC_2850_0/ZN (INV_X1)             4.97       0.01       0.01 &     2.63 f
  FE_RC_2844_0/ZN (NAND2_X1)           1.96       0.01       0.01 &     2.65 r
  FE_RC_2854_0/ZN (INV_X1)             8.38       0.01       0.02 &     2.66 f
  FE_RC_2839_0/ZN (OAI21_X1)           1.95       0.02       0.03 &     2.69 r
  FE_RC_2838_0/ZN (NAND2_X1)           9.14       0.02       0.03 &     2.72 f
  FE_RC_8586_0/ZN (INV_X1)             1.77       0.01       0.02 &     2.74 r
  FE_RC_8584_0/ZN (NAND2_X1)           1.83       0.01       0.01 &     2.75 f
  FE_RC_8595_0/ZN (INV_X1)             3.47       0.01       0.02 &     2.77 r
  FE_RC_8593_0/ZN (OAI21_X1)           3.74       0.01       0.02 &     2.79 f
  mult_22/S2_31_27/S (FA_X1)          13.56       0.04       0.15 &     2.94 r
  FE_RC_19312_0/ZN (OAI21_X4)          6.08       0.01       0.02 &     2.96 f
  FE_RC_19167_0/ZN (NAND2_X4)          7.63       0.01       0.02 &     2.98 r
  FE_RC_7467_0/ZN (INV_X1)             3.23       0.01       0.01 &     2.99 f
  FE_RC_7465_0/ZN (NAND2_X1)           1.90       0.01       0.02 &     3.00 r
  FE_RC_7476_0/ZN (INV_X1)             3.37       0.01       0.01 &     3.01 f
  FE_RC_7460_0/ZN (OAI21_X1)           1.88       0.02       0.03 &     3.04 r
  FE_RC_7459_0/ZN (NAND2_X1)           8.26       0.02       0.03 &     3.08 f
  FE_RC_8550_0/ZN (INV_X1)             1.68       0.01       0.02 &     3.09 r
  FE_RC_8548_0/ZN (NAND2_X1)           3.35       0.01       0.02 &     3.11 f
  FE_RC_8558_0/ZN (NAND2_X1)           3.19       0.01       0.02 &     3.13 r
  FE_RC_8557_0/ZN (NAND2_X2)           6.83       0.01       0.02 &     3.15 f
  FE_RC_3980_0/ZN (INV_X1)             3.55       0.01       0.02 &     3.16 r
  FE_RC_3978_0/ZN (NAND2_X1)           1.81       0.01       0.01 &     3.18 f
  FE_RC_3989_0/ZN (INV_X1)             3.58       0.01       0.02 &     3.20 r
  FE_RC_3987_0/ZN (OAI21_X1)           4.10       0.01       0.02 &     3.21 f
  mult_22/S2_36_25/S (FA_X1)           2.96       0.01       0.12 &     3.34 r
  mult_22/S2_37_24/S (FA_X1)           3.08       0.02       0.09 &     3.43 f
  mult_22/S2_38_23/S (FA_X1)           5.91       0.02       0.12 &     3.55 r
  FE_RC_10521_0/ZN (NAND2_X1)          1.74       0.01       0.02 &     3.57 f
  FE_RC_10520_0/ZN (OAI21_X1)          1.79       0.02       0.02 &     3.59 r
  FE_RC_22395_0/ZN (OAI222_X1)         3.53       0.02       0.04 &     3.63 f
  FE_RC_2438_0/ZN (INV_X1)             5.21       0.02       0.03 &     3.66 r
  FE_RC_2430_0/ZN (NAND2_X1)           1.80       0.01       0.02 &     3.68 f
  FE_RC_2421_0/ZN (NAND2_X1)           9.72       0.03       0.04 &     3.71 r
  FE_RC_15119_0/ZN (NAND2_X1)          1.63       0.01       0.02 &     3.73 f
  FE_RC_15118_0/ZN (OAI21_X1)          1.98       0.02       0.02 &     3.75 r
  FE_RC_15117_0/ZN (NAND2_X1)          3.31       0.01       0.02 &     3.77 f
  FE_RC_15110_0/ZN (NAND2_X2)          5.53       0.01       0.02 &     3.79 r
  FE_RC_13644_0/ZN (INV_X1)            3.70       0.01       0.01 &     3.80 f
  FE_RC_13630_0/ZN (NAND2_X1)          1.87       0.01       0.02 &     3.82 r
  FE_RC_13640_0/ZN (INV_X1)            3.36       0.01       0.01 &     3.83 f
  FE_RC_13627_0/ZN (OAI21_X1)          7.31       0.04       0.06 &     3.89 r
  FE_RC_2169_0/ZN (INV_X1)             3.37       0.01       0.02 &     3.90 f
  FE_RC_2167_0/ZN (NAND2_X1)           1.79       0.01       0.02 &     3.92 r
  FE_RC_2178_0/ZN (INV_X1)             3.34       0.01       0.01 &     3.93 f
  FE_RC_2162_0/ZN (OAI21_X1)           1.78       0.02       0.03 &     3.96 r
  FE_RC_2161_0/ZN (NAND2_X1)           8.81       0.02       0.03 &     3.99 f
  FE_RC_4034_0/ZN (NAND2_X1)           1.79       0.01       0.02 &     4.02 r
  FE_RC_4033_0/ZN (OAI21_X1)           1.70       0.01       0.02 &     4.03 f
  FE_RC_4032_0/ZN (INV_X1)             1.61       0.01       0.01 &     4.05 r
  FE_RC_4031_0/ZN (NAND2_X1)           1.78       0.01       0.01 &     4.06 f
  FE_RC_4026_0/ZN (OAI211_X1)          5.58       0.04       0.03 &     4.09 r
  FE_RC_5920_0/ZN (INV_X1)             5.00       0.01       0.02 &     4.11 f
  FE_RC_5914_0/ZN (NAND2_X1)           1.83       0.01       0.02 &     4.13 r
  FE_RC_5924_0/ZN (INV_X1)             4.75       0.01       0.01 &     4.14 f
  FE_RC_5922_0/ZN (OAI21_X2)           7.20       0.03       0.04 &     4.18 r
  FE_RC_1674_0/ZN (INV_X1)             3.34       0.01       0.01 &     4.19 f
  FE_RC_1672_0/ZN (NAND2_X1)           1.79       0.01       0.02 &     4.21 r
  FE_RC_1683_0/ZN (INV_X1)             3.36       0.01       0.01 &     4.22 f
  FE_RC_1667_0/ZN (OAI21_X1)           1.76       0.02       0.03 &     4.25 r
  FE_RC_1666_0/ZN (NAND2_X1)           6.65       0.02       0.03 &     4.28 f
  FE_RC_10562_0/ZN (INV_X1)            1.84       0.01       0.02 &     4.29 r
  FE_RC_10560_0/ZN (NAND2_X1)          3.54       0.01       0.02 &     4.31 f
  FE_RC_10571_0/ZN (INV_X1)            3.24       0.01       0.02 &     4.33 r
  FE_RC_10569_0/ZN (OAI21_X2)          6.71       0.01       0.02 &     4.35 f
  FE_RC_2040_0/ZN (INV_X1)             3.82       0.01       0.02 &     4.37 r
  FE_RC_2038_0/ZN (NAND2_X1)           1.77       0.01       0.01 &     4.38 f
  FE_RC_2049_0/ZN (INV_X1)             3.97       0.01       0.02 &     4.40 r
  FE_RC_2033_0/ZN (OAI21_X1)           1.97       0.01       0.02 &     4.42 f
  FE_RC_2032_0/ZN (NAND2_X1)           7.46       0.02       0.03 &     4.45 r
  FE_RC_12517_0/ZN (INV_X1)            3.43       0.01       0.01 &     4.46 f
  FE_RC_12509_0/ZN (NAND2_X1)          3.89       0.01       0.02 &     4.48 r
  FE_RC_12508_0/ZN (NAND2_X1)          3.23       0.01       0.02 &     4.50 f
  FE_RC_12507_0/ZN (NAND2_X2)          7.03       0.01       0.02 &     4.52 r
  FE_RC_9973_0/ZN (INV_X1)             3.36       0.01       0.01 &     4.53 f
  FE_RC_9965_0/ZN (NAND2_X1)           1.83       0.01       0.02 &     4.55 r
  FE_RC_9974_0/ZN (INV_X1)             5.54       0.01       0.01 &     4.56 f
  FE_RC_9970_0/ZN (OAI21_X1)           1.80       0.02       0.03 &     4.59 r
  FE_RC_9969_0/ZN (NAND2_X1)           6.73       0.02       0.03 &     4.62 f
  FE_RC_11523_0/ZN (INV_X1)            3.53       0.01       0.02 &     4.64 r
  FE_RC_11521_0/ZN (NAND2_X1)          1.69       0.01       0.01 &     4.65 f
  FE_RC_11532_0/ZN (INV_X1)            3.56       0.01       0.02 &     4.67 r
  FE_RC_11530_0/ZN (OAI21_X1)          3.61       0.01       0.02 &     4.69 f
  mult_22/S2_52_14/S (FA_X1)           3.79       0.02       0.13 &     4.81 r
  FE_RC_15954_0/ZN (INV_X1)            5.06       0.01       0.01 &     4.83 f
  FE_RC_15936_0/ZN (OAI21_X2)          6.60       0.03       0.04 &     4.87 r
  FE_RC_4804_0/ZN (INV_X1)             3.39       0.01       0.01 &     4.88 f
  FE_RC_4802_0/ZN (NAND2_X1)           1.98       0.01       0.02 &     4.90 r
  FE_RC_4813_0/ZN (INV_X1)             3.41       0.01       0.01 &     4.91 f
  FE_RC_4797_0/ZN (OAI21_X1)           1.98       0.02       0.03 &     4.94 r
  FE_RC_4796_0/ZN (NAND2_X1)           3.15       0.01       0.02 &     4.96 f
  mult_22/S2_55_12/S (FA_X1)           3.42       0.01       0.11 &     5.08 r
  mult_22/S2_56_11/S (FA_X1)           3.35       0.02       0.09 &     5.17 f
  FE_RC_3685_0/ZN (INV_X1)             5.36       0.02       0.03 &     5.20 r
  FE_RC_9479_0/ZN (OAI21_X2)           3.52       0.01       0.02 &     5.22 f
  mult_22/S2_58_10/S (FA_X1)           4.14       0.02       0.12 &     5.34 r
  mult_22/S2_59_9/S (FA_X1)            3.76       0.02       0.10 &     5.44 f
  FE_RC_3802_0/ZN (INV_X1)             3.50       0.01       0.02 &     5.46 r
  FE_RC_3794_0/ZN (NAND2_X1)           1.69       0.01       0.01 &     5.47 f
  FE_RC_3785_0/ZN (NAND2_X1)           2.91       0.01       0.02 &     5.49 r
  mult_22/S2_61_7/S (FA_X1)            4.87       0.02       0.10 &     5.59 f
  FE_RC_3187_0/ZN (NAND2_X1)           3.23       0.01       0.03 &     5.61 r
  FE_RC_3186_0/ZN (NAND2_X2)           5.09       0.01       0.02 &     5.63 f
  FE_RC_346_0/ZN (INV_X1)              5.13       0.01       0.02 &     5.65 r
  FE_RC_335_0/ZN (NAND2_X1)            1.71       0.01       0.01 &     5.66 f
  FE_RC_349_0/ZN (INV_X1)              5.00       0.01       0.02 &     5.69 r
  FE_RC_333_0/ZN (NAND2_X1)            3.24       0.01       0.02 &     5.70 f
  FE_RC_332_0/ZN (OAI211_X2)           4.80       0.02       0.02 &     5.73 r
  FE_RC_215_0/ZN (INV_X1)              1.54       0.01       0.01 &     5.74 f
  FE_RC_214_0/ZN (NAND2_X1)            1.73       0.01       0.01 &     5.75 r
  FE_RC_213_0/ZN (NAND2_X1)            4.01       0.01       0.02 &     5.77 f
  U8478/ZN (INV_X2)                    5.25       0.01       0.02 &     5.78 r
  U8385/ZN (NOR2_X2)                   4.23       0.01       0.01 &     5.79 f
  U8094/ZN (OR2_X2)                    1.68       0.01       0.04 &     5.83 f
  FE_RC_32_0/ZN (NOR3_X1)              1.86       0.03       0.05 &     5.88 r
  FE_RC_33_0/ZN (INV_X1)               3.09       0.01       0.01 &     5.89 f
  U8150/ZN (NAND3_X2)                  4.81       0.01       0.02 &     5.91 r
  U7987/ZN (NAND2_X2)                  2.91       0.01       0.01 &     5.92 f
  FE_RC_18_0/ZN (NAND3_X1)             3.24       0.02       0.02 &     5.94 r
  U8066/ZN (NAND2_X1)                  1.68       0.01       0.01 &     5.95 f
  FE_RC_14_0/ZN (NAND3_X1)             3.99       0.02       0.02 &     5.98 r
  FE_RC_22407_0/ZN (AOI21_X2)          3.32       0.01       0.02 &     5.99 f
  FE_RC_22_0/ZN (OAI21_X2)             4.55       0.02       0.03 &     6.02 r
  FE_RC_17653_0/ZN (AOI21_X2)          3.26       0.01       0.02 &     6.04 f
  FE_RC_17652_0/ZN (OAI21_X2)          3.59       0.02       0.03 &     6.07 r
  FE_RC_17892_0/ZN (NAND2_X2)          6.95       0.01       0.02 &     6.09 f
  FE_RC_18704_0/ZN (NAND2_X4)          6.97       0.01       0.02 &     6.10 r
  FE_RC_18557_0/ZN (AOI21_X4)          4.73       0.01       0.01 &     6.12 f
  FE_RC_19382_0/ZN (OAI21_X2)          3.84       0.02       0.03 &     6.14 r
  FE_RC_18560_0/ZN (AOI21_X2)          4.17       0.01       0.02 &     6.16 f
  FE_RC_18562_0/ZN (INV_X2)            3.64       0.01       0.01 &     6.18 r
  FE_RC_17788_0/ZN (NAND2_X2)          5.92       0.01       0.01 &     6.19 f
  FE_RC_18247_0/ZN (NAND2_X4)         17.29       0.01       0.02 &     6.21 r
  FE_RC_18750_0/ZN (OAI21_X4)          4.67       0.01       0.01 &     6.23 f
  FE_RC_18025_0/ZN (NAND2_X2)          6.44       0.01       0.02 &     6.25 r
  FE_RC_18176_0/ZN (NAND2_X4)          8.11       0.01       0.01 &     6.26 f
  FE_RC_18150_0/ZN (NAND2_X4)         10.26       0.01       0.02 &     6.28 r
  FE_RC_18768_0/ZN (NAND2_X4)          6.88       0.01       0.01 &     6.29 f
  FE_RC_18767_0/ZN (NAND2_X4)          7.32       0.01       0.01 &     6.30 r
  FE_RC_18243_0/ZN (NAND2_X2)          3.30       0.01       0.01 &     6.32 f
  FE_RC_18242_0/ZN (NAND2_X2)          5.35       0.02       0.02 &     6.33 r
  FE_RC_17863_0/ZN (NAND2_X2)          5.90       0.01       0.02 &     6.35 f
  FE_RC_18080_0/ZN (NAND2_X4)         10.94       0.01       0.02 &     6.37 r
  FE_RC_17919_0/ZN (NAND2_X2)          3.09       0.01       0.01 &     6.38 f
  FE_RC_18143_0/ZN (NAND2_X2)          3.85       0.01       0.01 &     6.40 r
  FE_RC_19004_0/ZN (INV_X1)            1.66       0.00       0.01 &     6.41 f
  FE_RC_19003_0/ZN (NAND2_X1)          1.76       0.01       0.01 &     6.42 r
  FE_RC_18930_0/ZN (NAND2_X1)          1.32       0.01       0.01 &     6.43 f
  reg_out_reg[122]/D (DFF_X1)                     0.01       0.00 &     6.43 f
  data arrival time                                                     6.43

  clock g_inClk (rise edge)                       0.00      10.00      10.00
  clock network delay (ideal)                                0.00      10.00
  clock reconvergence pessimism                              0.00      10.00
  reg_out_reg[122]/CK (DFF_X1)                                         10.00 r
  library setup time                                        -0.04       9.96
  data required time                                                    9.96
  -----------------------------------------------------------------------------
  data required time                                                    9.96
  data arrival time                                                    -6.43
  -----------------------------------------------------------------------------
  slack (MET)                                                           3.53


1
